ParseFailed
  (SrcLoc "tests/examples/AmbiguousFixities.hs" 1 5)
  "Ambiguous infix expression: (.){r} and (&&&){l} have precedence 9"
